// Jest Snapshot v1, https://goo.gl/fbAQLP

exports[`<AddReviewModal /> matches snapshot 1`] = `
<styled.div>
  <div
    className="review__modal"
  >
    <h1>
      Add a Review
    </h1>
    <form
      className="review__modal--form"
      onSubmit={[Function]}
    >
      <label
        className="review__modal--label"
      >
        Title
      </label>
      <input
        className="review__form--title"
        name="title"
        onChange={[Function]}
        value=""
      />
      <label
        htmlFor="review-body"
      />
      <textarea
        className="review-body"
        name="body"
        onChange={[Function]}
        value=""
      />
      <select
        name="rating"
        onChange={[Function]}
        value={0}
      >
        <option
          value="1"
        >
          1
        </option>
        <option
          value="2"
        >
          2
        </option>
        <option
          value="3"
        >
          3
        </option>
        <option
          value="4"
        >
          4
        </option>
        <option
          defaultValue="5"
        >
          5
        </option>
      </select>
      <button
        onClick={[Function]}
      >
        Submit Review
      </button>
      <button>
        Cancel
      </button>
    </form>
  </div>
</styled.div>
`;

exports[`<App /> matches snapshot 1`] = `
<styled.div>
  <div
    className="review__modal"
  >
    <h1>
      Add a Review
    </h1>
    <form
      className="review__modal--form"
      onSubmit={[Function]}
    >
      <label
        className="review__modal--label"
      >
        Title
      </label>
      <input
        className="review__form--title"
        name="title"
        onChange={[Function]}
        value=""
      />
      <label
        htmlFor="review-body"
      />
      <textarea
        className="review-body"
        name="body"
        onChange={[Function]}
        value=""
      />
      <select
        name="rating"
        onChange={[Function]}
        value={0}
      >
        <option
          value="1"
        >
          1
        </option>
        <option
          value="2"
        >
          2
        </option>
        <option
          value="3"
        >
          3
        </option>
        <option
          value="4"
        >
          4
        </option>
        <option
          defaultValue="5"
        >
          5
        </option>
      </select>
      <button
        onClick={[Function]}
      >
        Submit Review
      </button>
      <button>
        Cancel
      </button>
    </form>
  </div>
</styled.div>
`;
