// Jest Snapshot v1, https://goo.gl/fbAQLP

exports[`<AddReviewModal /> matches snapshot 1`] = `
<styled.div>
  <div
    className="review__modal"
  >
    <div
      className="container"
    >
      <h1 />
      <h3>
        Add a Review
      </h3>
      <form
        className="review__modal--form"
        onSubmit={[Function]}
      >
        <label
          htmlFor="review-title"
        >
          Title
        </label>
        <input
          className="review__modal--form--field--title"
          name="title"
          onChange={[Function]}
          value=""
        />
        <label
          htmlFor="review-body"
        >
          Your review
        </label>
        <textarea
          className="review__modal--form--field--review"
          name="body"
          onChange={[Function]}
          value=""
        />
        <div
          className="rating"
        >
          <label
            htmlFor="review__input--rating"
          >
            Rating
          </label>
          <select
            className="review__modal--form--rating"
            name="rating"
            onChange={[Function]}
            value={0}
          >
            <option
              value="1"
            >
              1
            </option>
            <option
              value="2"
            >
              2
            </option>
            <option
              value="3"
            >
              3
            </option>
            <option
              value="4"
            >
              4
            </option>
            <option
              defaultValue="5"
            >
              5
            </option>
          </select>
          <div
            className="review__modal--buttons"
          >
            <button
              className="review__modal--buttons--btn"
              onClick={[Function]}
            >
              Submit Review
            </button>
            <button
              className="review__modal--buttons--btn"
            >
              Cancel
            </button>
          </div>
        </div>
      </form>
    </div>
  </div>
</styled.div>
`;
