// Jest Snapshot v1, https://goo.gl/fbAQLP

exports[`PlaceHolderReviewsComponent /> matches snapshot 1`] = `
<Fragment>
  <div
    className="review"
  >
    <div
      className="review-img1"
    />
    <p>
      <span
        aria-label="stars"
        role="img"
      >
        ⭐⭐⭐
      </span>
    </p>
    <h3>
      @eddbunk
    </h3>
  </div>
  <div
    className="review"
  >
    <div
      className="review-img2"
    />
    <p>
      <span
        aria-label="stars"
        role="img"
      >
        ⭐⭐⭐⭐⭐
      </span>
    </p>
    <h3>
      @alixjones
    </h3>
  </div>
  <div
    className="review"
  >
    <div
      className="review-img3"
    />
    <p>
      <span
        aria-label="stars"
        role="img"
      >
        ⭐⭐
      </span>
    </p>
    <h3>
      @carloG
    </h3>
  </div>
</Fragment>
`;
