// Jest Snapshot v1, https://goo.gl/fbAQLP

exports[`PopularBusinessesComponent /> matches snapshot 1`] = `
<styled.div>
  <a
    href="/search"
  >
    Search
  </a>
  <a
    href="/myreviews"
  >
    My Reviews
  </a>
  <Link
    replace={false}
    to="/billing"
  >
    Billing
  </Link>
  <a
    href="settings"
  >
    Settings
  </a>
</styled.div>
`;
