// Jest Snapshot v1, https://goo.gl/fbAQLP

exports[`UpdatePasswordComponent /> matches snapshot 1`] = `
<div>
  <NavBar />
  <styled.div>
    <div
      className="image-container"
    >
      <h1>
         Hey 
         wanna reset your password?
      </h1>
    </div>
    <form
      onSubmit={[Function]}
    >
      <label>
        Password
      </label>
      <input
        name="password"
        onChange={[Function]}
        type="text"
        value=""
      />
      <label>
        Confirm Password
      </label>
      <input
        name="confirm_password"
        onChange={[Function]}
        type="text"
        value=""
      />
      <input
        type="submit"
        value="update password"
      />
    </form>
  </styled.div>
</div>
`;
